include common : open status;

msg unlink {
    type: 0x203;

    request {
        args: open;
        path: path;
    }
    reply {
        status: u16;
    }
}

msg mkspecial {
    type: 0x0202;

    request {
        open: open;
        path: path;
        target: path;
    }
    reply status;
}

msg link {
    type: 0x0204;
    # links an existing handle to new_path
    request {
        arg: open;
        new_path: path;
    }
    reply status;
}

msg sync {
    type: 0x20A;
    request {}
    reply status;
}

msg trunc {
    type: 0x210;   
    request {
        fd: fd;
        offset: i32;
        whence: u16;
        padd: u16;
    }
    reply {
        status: u16;
        padd: u16;
        offset: u32;
    }
}

msg readlink {
    type: 0x0216;
    request {
        arg: open;
        path: path;
    }
    reply {
        status: u16;
        padd: u16;
        path: path;
    }
}

msg fsync {
    type: 0x218;
    request {
        fd: fd;
        flags: u32;
    }
    reply status;
}

msg fdinfo {
    type: 0x021A;
    request {
        pid: pid;
        padd: u16;
        fd: u16;
        padd: u32;
    }
    reply {
        status: u16;
        pid: pid;
        padd: u16;
        fd: u16;
        padd: u32;
        offset: u32;
        fsize: u32;
        fflags: u16;
        share: u16;
        path: path;
    }
}
